// Jest Snapshot v1, https://goo.gl/fbAQLP

exports[`App router component snapshot 1`] = `
<BrowserRouter>
  <div>
    <CourseHeader
      courseNumber="course-number"
      courseOrg="course-org"
      courseTitle="course-title"
    />
    <DemoBanner />
    <main>
      <ListView />
    </main>
    <Footer
      logo="https://edx-cdn.org/v3/stage/open-edx-tag.svg"
    />
  </div>
</BrowserRouter>
`;
